Archive member included to satisfy reference by file (symbol)

lib/Debug/libsystem_config.a(init.o)
                              (Entry)
lib/Debug/libsystem_config.a(startup.o)
                              lib/Debug/libsystem_config.a(init.o) (start_boot)
lib/Debug/libsystem_config.a(cp15.o)
                              lib/Debug/libsystem_config.a(startup.o) (CP15VectorBaseAddrSet)
lib/Debug/libsystem_config.a(exceptionhandler.o)
                              lib/Debug/libsystem_config.a(startup.o) (IRQHandler)
lib/Debug/libsystem_config.a(interrupt.o)
                              lib/Debug/libsystem_config.a(exceptionhandler.o) (fnRAMVectors)
lib/Debug/libsystem_config.a(cpu.o)
                              lib/Debug/libsystem_config.a(exceptionhandler.o) (CPUAbortHandler)
/usr/lib/gcc/arm-none-eabi/4.9.3//libgcc.a(_udivsi3.o)
                              (__aeabi_uidiv)
/usr/lib/gcc/arm-none-eabi/4.9.3//libgcc.a(_divsi3.o)
                              (__aeabi_idiv)
/usr/lib/gcc/arm-none-eabi/4.9.3//libgcc.a(_dvmd_tls.o)
                              /usr/lib/gcc/arm-none-eabi/4.9.3//libgcc.a(_udivsi3.o) (__aeabi_idiv0)

Allocating common symbols
Common symbol       size              file

MODULO_0_4          0x1               Debug/gpioLED.o
fnRAMVectors        0x200             lib/Debug/libsystem_config.a(interrupt.o)
GPIO                0x1               Debug/gpioLED.o

Discarded input sections

 .text          0x0000000000000000        0x0 Debug/gpioLED.o
 .data          0x0000000000000000        0x0 Debug/gpioLED.o
 .bss           0x0000000000000000        0x0 Debug/gpioLED.o
 .text.GPIOModuleReset
                0x0000000000000000       0x3c Debug/gpioLED.o
 .text.getValue
                0x0000000000000000       0xa8 Debug/gpioLED.o
 COMMON         0x0000000000000000        0x2 Debug/gpioLED.o
 .text          0x0000000000000000        0x0 Debug/init.o
 .data          0x0000000000000000        0x0 Debug/init.o
 .bss           0x0000000000000000        0x0 Debug/init.o
 .text          0x0000000000000000        0x0 Debug/main.o
 .data          0x0000000000000000        0x0 Debug/main.o
 .bss           0x0000000000000000        0x0 Debug/main.o
 .text          0x0000000000000000        0x0 Debug/select.o
 .data          0x0000000000000000        0x0 Debug/select.o
 .bss           0x0000000000000000        0x0 Debug/select.o
 .data          0x0000000000000000        0x0 lib/Debug/libsystem_config.a(init.o)
 .bss           0x0000000000000000        0x0 lib/Debug/libsystem_config.a(init.o)
 .text          0x0000000000000000        0x0 lib/Debug/libsystem_config.a(startup.o)
 .data          0x0000000000000000        0x0 lib/Debug/libsystem_config.a(startup.o)
 .bss           0x0000000000000000        0x0 lib/Debug/libsystem_config.a(startup.o)
 .rodata.AM335X_VECTOR_BASE
                0x0000000000000000        0x4 lib/Debug/libsystem_config.a(startup.o)
 .data          0x0000000000000000        0x0 lib/Debug/libsystem_config.a(cp15.o)
 .bss           0x0000000000000000        0x0 lib/Debug/libsystem_config.a(cp15.o)
 .data          0x0000000000000000        0x0 lib/Debug/libsystem_config.a(exceptionhandler.o)
 .bss           0x0000000000000000        0x0 lib/Debug/libsystem_config.a(exceptionhandler.o)
 .text          0x0000000000000000        0x0 lib/Debug/libsystem_config.a(interrupt.o)
 .data          0x0000000000000000        0x0 lib/Debug/libsystem_config.a(interrupt.o)
 .bss           0x0000000000000000        0x0 lib/Debug/libsystem_config.a(interrupt.o)
 .text.IntDefaultHandler
                0x0000000000000000       0x18 lib/Debug/libsystem_config.a(interrupt.o)
 .text.IntRegister
                0x0000000000000000       0x38 lib/Debug/libsystem_config.a(interrupt.o)
 .text.IntUnRegister
                0x0000000000000000       0x38 lib/Debug/libsystem_config.a(interrupt.o)
 .text.IntAINTCInit
                0x0000000000000000       0x94 lib/Debug/libsystem_config.a(interrupt.o)
 .text.IntPrioritySet
                0x0000000000000000       0x58 lib/Debug/libsystem_config.a(interrupt.o)
 .text.IntSystemEnable
                0x0000000000000000       0x54 lib/Debug/libsystem_config.a(interrupt.o)
 .text.IntSystemDisable
                0x0000000000000000       0x54 lib/Debug/libsystem_config.a(interrupt.o)
 .text.IntIfClkFreeRunSet
                0x0000000000000000       0x34 lib/Debug/libsystem_config.a(interrupt.o)
 .text.IntIfClkAutoGateSet
                0x0000000000000000       0x34 lib/Debug/libsystem_config.a(interrupt.o)
 .text.IntActiveIrqNumGet
                0x0000000000000000       0x28 lib/Debug/libsystem_config.a(interrupt.o)
 .text.IntSpurIrqFlagGet
                0x0000000000000000       0x2c lib/Debug/libsystem_config.a(interrupt.o)
 .text.IntProtectionEnable
                0x0000000000000000       0x28 lib/Debug/libsystem_config.a(interrupt.o)
 .text.IntProtectionDisable
                0x0000000000000000       0x34 lib/Debug/libsystem_config.a(interrupt.o)
 .text.IntSyncClkFreeRunSet
                0x0000000000000000       0x34 lib/Debug/libsystem_config.a(interrupt.o)
 .text.IntSyncClkAutoGateSet
                0x0000000000000000       0x34 lib/Debug/libsystem_config.a(interrupt.o)
 .text.IntFuncClkFreeRunSet
                0x0000000000000000       0x34 lib/Debug/libsystem_config.a(interrupt.o)
 .text.IntFuncClkAutoGateSet
                0x0000000000000000       0x34 lib/Debug/libsystem_config.a(interrupt.o)
 .text.IntCurrIrqPriorityGet
                0x0000000000000000       0x28 lib/Debug/libsystem_config.a(interrupt.o)
 .text.IntPriorityThresholdGet
                0x0000000000000000       0x28 lib/Debug/libsystem_config.a(interrupt.o)
 .text.IntPriorityThresholdSet
                0x0000000000000000       0x34 lib/Debug/libsystem_config.a(interrupt.o)
 .text.IntRawStatusGet
                0x0000000000000000       0x5c lib/Debug/libsystem_config.a(interrupt.o)
 .text.IntSoftwareIntSet
                0x0000000000000000       0x50 lib/Debug/libsystem_config.a(interrupt.o)
 .text.IntSoftwareIntClear
                0x0000000000000000       0x50 lib/Debug/libsystem_config.a(interrupt.o)
 .text.IntPendingIrqMaskedStatusGet
                0x0000000000000000       0x58 lib/Debug/libsystem_config.a(interrupt.o)
 .text.IntMasterIRQEnable
                0x0000000000000000       0x1c lib/Debug/libsystem_config.a(interrupt.o)
 .text.IntMasterIRQDisable
                0x0000000000000000       0x1c lib/Debug/libsystem_config.a(interrupt.o)
 .text.IntMasterFIQEnable
                0x0000000000000000       0x1c lib/Debug/libsystem_config.a(interrupt.o)
 .text.IntMasterFIQDisable
                0x0000000000000000       0x1c lib/Debug/libsystem_config.a(interrupt.o)
 .text.IntMasterStatusGet
                0x0000000000000000       0x20 lib/Debug/libsystem_config.a(interrupt.o)
 .text.IntDisable
                0x0000000000000000       0x3c lib/Debug/libsystem_config.a(interrupt.o)
 .text.IntEnable
                0x0000000000000000       0x38 lib/Debug/libsystem_config.a(interrupt.o)
 .text          0x0000000000000000        0x0 lib/Debug/libsystem_config.a(cpu.o)
 .data          0x0000000000000000        0x0 lib/Debug/libsystem_config.a(cpu.o)
 .bss           0x0000000000000000        0x0 lib/Debug/libsystem_config.a(cpu.o)
 .text.CPUSwitchToPrivilegedMode
                0x0000000000000000       0x1c lib/Debug/libsystem_config.a(cpu.o)
 .text.CPUSwitchToUserMode
                0x0000000000000000       0x28 lib/Debug/libsystem_config.a(cpu.o)
 .text.CPUAbortHandler
                0x0000000000000000       0x18 lib/Debug/libsystem_config.a(cpu.o)
 .text.CPUIntStatus
                0x0000000000000000       0x2c lib/Debug/libsystem_config.a(cpu.o)
 .text.CPUirqd  0x0000000000000000       0x28 lib/Debug/libsystem_config.a(cpu.o)
 .text.CPUirqe  0x0000000000000000       0x28 lib/Debug/libsystem_config.a(cpu.o)
 .text.CPUfiqd  0x0000000000000000       0x28 lib/Debug/libsystem_config.a(cpu.o)
 .text.CPUfiqe  0x0000000000000000       0x28 lib/Debug/libsystem_config.a(cpu.o)
 .debug_info    0x0000000000000000       0xcc lib/Debug/libsystem_config.a(cpu.o)
 .debug_abbrev  0x0000000000000000       0x62 lib/Debug/libsystem_config.a(cpu.o)
 .debug_aranges
                0x0000000000000000       0x58 lib/Debug/libsystem_config.a(cpu.o)
 .debug_ranges  0x0000000000000000       0x48 lib/Debug/libsystem_config.a(cpu.o)
 .debug_line    0x0000000000000000       0xd8 lib/Debug/libsystem_config.a(cpu.o)
 .debug_str     0x0000000000000000      0x1ce lib/Debug/libsystem_config.a(cpu.o)
 .comment       0x0000000000000000       0x6f lib/Debug/libsystem_config.a(cpu.o)
 .debug_frame   0x0000000000000000      0x110 lib/Debug/libsystem_config.a(cpu.o)
 .ARM.attributes
                0x0000000000000000       0x3b lib/Debug/libsystem_config.a(cpu.o)
 .data          0x0000000000000000        0x0 /usr/lib/gcc/arm-none-eabi/4.9.3//libgcc.a(_udivsi3.o)
 .bss           0x0000000000000000        0x0 /usr/lib/gcc/arm-none-eabi/4.9.3//libgcc.a(_udivsi3.o)
 .data          0x0000000000000000        0x0 /usr/lib/gcc/arm-none-eabi/4.9.3//libgcc.a(_divsi3.o)
 .bss           0x0000000000000000        0x0 /usr/lib/gcc/arm-none-eabi/4.9.3//libgcc.a(_divsi3.o)
 .data          0x0000000000000000        0x0 /usr/lib/gcc/arm-none-eabi/4.9.3//libgcc.a(_dvmd_tls.o)
 .bss           0x0000000000000000        0x0 /usr/lib/gcc/arm-none-eabi/4.9.3//libgcc.a(_dvmd_tls.o)

Memory Configuration

Name             Origin             Length             Attributes
DDR0             0x0000000080000000 0x0000000010000000
*default*        0x0000000000000000 0xffffffffffffffff

Linker script and memory map

LOAD Debug/gpioLED.o
LOAD Debug/init.o
LOAD Debug/main.o
LOAD Debug/select.o
LOAD lib/Debug/libsystem_config.a
LOAD /usr/lib/arm-none-eabi/lib//libc.a
LOAD /usr/lib/gcc/arm-none-eabi/4.9.3//libgcc.a
LOAD lib/Debug/libsystem_config.a

.startcode      0x0000000080000000       0xb4
                0x0000000080000000                . = ALIGN (0x4)
 *init.o(.text)
 .text          0x0000000080000000       0xb4 lib/Debug/libsystem_config.a(init.o)
                0x0000000080000000                Entry

.text           0x00000000800000b4     0x1dec
                0x00000000800000b4                . = ALIGN (0x4)
 *(.text*)
 .text.GPIO3_ModuleClkConfig
                0x00000000800000b4       0x4c Debug/gpioLED.o
                0x00000000800000b4                GPIO3_ModuleClkConfig
 .text.GPIO2_ModuleClkConfig
                0x0000000080000100       0x4c Debug/gpioLED.o
                0x0000000080000100                GPIO2_ModuleClkConfig
 .text.GPIO1_ModuleClkConfig
                0x000000008000014c       0x4c Debug/gpioLED.o
                0x000000008000014c                GPIO1_ModuleClkConfig
 .text.GPIO0_ModuleClkConfig
                0x0000000080000198       0x4c Debug/gpioLED.o
                0x0000000080000198                GPIO0_ModuleClkConfig
 .text.GPIOPinMuxSetup
                0x00000000800001e4       0xb0 Debug/gpioLED.o
                0x00000000800001e4                GPIOPinMuxSetup
 .text.GPIOModuleEnable
                0x0000000080000294       0x3c Debug/gpioLED.o
                0x0000000080000294                GPIOModuleEnable
 .text.GPIODirModeSet
                0x00000000800002d0       0x90 Debug/gpioLED.o
                0x00000000800002d0                GPIODirModeSet
 .text.GPIOPinWrite
                0x0000000080000360       0x6c Debug/gpioLED.o
                0x0000000080000360                GPIOPinWrite
 .text.whitePinHigh
                0x00000000800003cc       0x88 Debug/gpioLED.o
                0x00000000800003cc                whitePinHigh
 .text.whitePinLow
                0x0000000080000454       0x88 Debug/gpioLED.o
                0x0000000080000454                whitePinLow
 .text.Delay    0x00000000800004dc       0x38 Debug/gpioLED.o
                0x00000000800004dc                Delay
 .text.initGPIO
                0x0000000080000514      0x188 Debug/init.o
                0x0000000080000514                initGPIO
 .text.modulo0  0x000000008000069c      0x23c Debug/init.o
                0x000000008000069c                modulo0
 .text.modulo1  0x00000000800008d8      0x154 Debug/init.o
                0x00000000800008d8                modulo1
 .text.modulo2  0x0000000080000a2c      0x134 Debug/init.o
                0x0000000080000a2c                modulo2
 .text.modulo3  0x0000000080000b60      0x100 Debug/init.o
                0x0000000080000b60                modulo3
 .text.main     0x0000000080000c60       0x74 Debug/main.o
                0x0000000080000c60                main
 .text.selectUART
                0x0000000080000cd4      0x10c Debug/select.o
                0x0000000080000cd4                selectUART
 .text.selectCSN
                0x0000000080000de0       0x7c Debug/select.o
                0x0000000080000de0                selectCSN
 .text.selectMII
                0x0000000080000e5c       0xc0 Debug/select.o
                0x0000000080000e5c                selectMII
 .text.selectXDMA
                0x0000000080000f1c       0x60 Debug/select.o
                0x0000000080000f1c                selectXDMA
 .text.selectMDIO
                0x0000000080000f7c       0x60 Debug/select.o
                0x0000000080000f7c                selectMDIO
 .text.selectSPI0
                0x0000000080000fdc       0xb8 Debug/select.o
                0x0000000080000fdc                selectSPI0
 .text.selectGPMC
                0x0000000080001094       0xd0 Debug/select.o
                0x0000000080001094                selectGPMC
 .text.selectMII1RXD
                0x0000000080001164       0x9c Debug/select.o
                0x0000000080001164                selectMII1RXD
 .text.selectLCD
                0x0000000080001200       0x9c Debug/select.o
                0x0000000080001200                selectLCD
 .text.selectMMC0
                0x000000008000129c       0xd4 Debug/select.o
                0x000000008000129c                selectMMC0
 .text.selectMII1
                0x0000000080001370       0xfc Debug/select.o
                0x0000000080001370                selectMII1
 .text.selectI2C0
                0x000000008000146c       0x60 Debug/select.o
                0x000000008000146c                selectI2C0
 .text.selectMCASPO
                0x00000000800014cc      0x10c Debug/select.o
                0x00000000800014cc                selectMCASPO
 .text.start_boot
                0x00000000800015d8       0x24 lib/Debug/libsystem_config.a(startup.o)
                0x00000000800015d8                start_boot
 .text.CopyVectorTable
                0x00000000800015fc       0x94 lib/Debug/libsystem_config.a(startup.o)
 .text          0x0000000080001690      0x488 lib/Debug/libsystem_config.a(cp15.o)
                0x0000000080001690                CP15ICacheDisable
                0x00000000800016ac                CP15DCacheDisable
                0x00000000800016c8                CP15ICacheEnable
                0x00000000800016d8                CP15DCacheEnable
                0x00000000800016e8                CP15DCacheFlush
                0x000000008000177c                CP15DCacheClean
                0x0000000080001810                CP15DCacheCleanFlush
                0x00000000800018a4                CP15ICacheFlush
                0x00000000800018b4                CP15DCacheCleanBuff
                0x0000000080001908                CP15DCacheCleanFlushBuff
                0x000000008000195c                CP15DCacheFlushBuff
                0x00000000800019c0                CP15ICacheFlushBuff
                0x0000000080001a14                CP15Ttb0Set
                0x0000000080001a20                CP15TlbInvalidate
                0x0000000080001a2c                CP15MMUDisable
                0x0000000080001a44                CP15MMUEnable
                0x0000000080001a58                CP15VectorBaseAddrSet
                0x0000000080001a64                CP15BranchPredictorInvalidate
                0x0000000080001a70                CP15BranchPredictionEnable
                0x0000000080001a80                CP15BranchPredictionDisable
                0x0000000080001a90                CP15DomainAccessClientSet
                0x0000000080001aa0                CP15ControlFeatureDisable
                0x0000000080001ab4                CP15ControlFeatureEnable
                0x0000000080001ac8                CP15TtbCtlTtb0Config
                0x0000000080001ad8                CP15AuxControlFeatureEnable
                0x0000000080001aec                CP15AuxControlFeatureDisable
                0x0000000080001b00                CP15MainIdPrimPartNumGet
 .text          0x0000000080001b18       0xf0 lib/Debug/libsystem_config.a(exceptionhandler.o)
                0x0000000080001b18                SVC_Handler
                0x0000000080001b40                IRQHandler
                0x0000000080001bec                FIQHandler
                0x0000000080001bf0                UndefInstHandler
                0x0000000080001bf0                AbortHandler
 .text          0x0000000080001c08      0x114 /usr/lib/gcc/arm-none-eabi/4.9.3//libgcc.a(_udivsi3.o)
                0x0000000080001c08                __udivsi3
                0x0000000080001c08                __aeabi_uidiv
                0x0000000080001cfc                __aeabi_uidivmod
 .text          0x0000000080001d1c      0x148 /usr/lib/gcc/arm-none-eabi/4.9.3//libgcc.a(_divsi3.o)
                0x0000000080001d1c                __aeabi_idiv
                0x0000000080001d1c                __divsi3
                0x0000000080001e44                __aeabi_idivmod
 .text          0x0000000080001e64        0x4 /usr/lib/gcc/arm-none-eabi/4.9.3//libgcc.a(_dvmd_tls.o)
                0x0000000080001e64                __aeabi_ldiv0
                0x0000000080001e64                __aeabi_idiv0
 *(.rodata*)
 .rodata.vecTbl
                0x0000000080001e68       0x38 lib/Debug/libsystem_config.a(startup.o)

.glue_7         0x0000000080001ea0        0x0
 .glue_7        0x0000000080001ea0        0x0 linker stubs

.glue_7t        0x0000000080001ea0        0x0
 .glue_7t       0x0000000080001ea0        0x0 linker stubs

.vfp11_veneer   0x0000000080001ea0        0x0
 .vfp11_veneer  0x0000000080001ea0        0x0 linker stubs

.v4_bx          0x0000000080001ea0        0x0
 .v4_bx         0x0000000080001ea0        0x0 linker stubs

.iplt           0x0000000080001ea0        0x0
 .iplt          0x0000000080001ea0        0x0 Debug/gpioLED.o

.rel.dyn        0x0000000080001ea0        0x0
 .rel.iplt      0x0000000080001ea0        0x0 Debug/gpioLED.o

.data           0x0000000080001ea0        0x0
                0x0000000080001ea0                . = ALIGN (0x4)
 *(.data*)

.igot.plt       0x0000000080001ea0        0x0
 .igot.plt      0x0000000080001ea0        0x0 Debug/gpioLED.o

.bss            0x0000000080001ea0      0x200
                0x0000000080001ea0                . = ALIGN (0x4)
                0x0000000080001ea0                _bss_start = .
 *(.bss*)
 *(COMMON)
 COMMON         0x0000000080001ea0      0x200 lib/Debug/libsystem_config.a(interrupt.o)
                0x0000000080001ea0                fnRAMVectors
                0x00000000800020a0                _bss_end = .

.heap           0x00000000800020a0      0x800
                0x00000000800020a0                . = ALIGN (0x4)
                0x00000000800020a0                __end__ = .
                0x00000000800020a0                end = __end__
                0x00000000800020a0                __HeapBase = __end__
 *(.heap*)
                0x00000000800028a0                . = (. + 0x800)
 *fill*         0x00000000800020a0      0x800 
                0x00000000800028a0                __HeapLimit = .

.stack          0x00000000800028a0  0x7fffff8
                0x00000000800028a0                . = ALIGN (0x4)
                0x00000000800028a0                __StackLimit = .
 *(.stack*)
                0x0000000088002898                . = (. + 0x7fffff8)
 *fill*         0x00000000800028a0  0x7fffff8 
                0x0000000088002898                __StackTop = .
                0x0000000088002898                _stack = __StackTop
OUTPUT(Debug/EMANUEL.out elf32-littlearm)

.debug_info     0x0000000000000000     0x132e
 .debug_info    0x0000000000000000      0x374 Debug/gpioLED.o
 .debug_info    0x0000000000000374      0x250 Debug/init.o
 .debug_info    0x00000000000005c4      0x1a3 Debug/main.o
 .debug_info    0x0000000000000767      0x32c Debug/select.o
 .debug_info    0x0000000000000a93       0x9f lib/Debug/libsystem_config.a(init.o)
 .debug_info    0x0000000000000b32       0xd2 lib/Debug/libsystem_config.a(startup.o)
 .debug_info    0x0000000000000c04       0x9f lib/Debug/libsystem_config.a(cp15.o)
 .debug_info    0x0000000000000ca3       0xb2 lib/Debug/libsystem_config.a(exceptionhandler.o)
 .debug_info    0x0000000000000d55      0x3cf lib/Debug/libsystem_config.a(interrupt.o)
 .debug_info    0x0000000000001124       0xae /usr/lib/gcc/arm-none-eabi/4.9.3//libgcc.a(_udivsi3.o)
 .debug_info    0x00000000000011d2       0xae /usr/lib/gcc/arm-none-eabi/4.9.3//libgcc.a(_divsi3.o)
 .debug_info    0x0000000000001280       0xae /usr/lib/gcc/arm-none-eabi/4.9.3//libgcc.a(_dvmd_tls.o)

.debug_abbrev   0x0000000000000000      0x566
 .debug_abbrev  0x0000000000000000       0xf1 Debug/gpioLED.o
 .debug_abbrev  0x00000000000000f1       0x8b Debug/init.o
 .debug_abbrev  0x000000000000017c       0x6b Debug/main.o
 .debug_abbrev  0x00000000000001e7       0xa5 Debug/select.o
 .debug_abbrev  0x000000000000028c       0x14 lib/Debug/libsystem_config.a(init.o)
 .debug_abbrev  0x00000000000002a0       0xa2 lib/Debug/libsystem_config.a(startup.o)
 .debug_abbrev  0x0000000000000342       0x14 lib/Debug/libsystem_config.a(cp15.o)
 .debug_abbrev  0x0000000000000356       0x14 lib/Debug/libsystem_config.a(exceptionhandler.o)
 .debug_abbrev  0x000000000000036a      0x1c0 lib/Debug/libsystem_config.a(interrupt.o)
 .debug_abbrev  0x000000000000052a       0x14 /usr/lib/gcc/arm-none-eabi/4.9.3//libgcc.a(_udivsi3.o)
 .debug_abbrev  0x000000000000053e       0x14 /usr/lib/gcc/arm-none-eabi/4.9.3//libgcc.a(_divsi3.o)
 .debug_abbrev  0x0000000000000552       0x14 /usr/lib/gcc/arm-none-eabi/4.9.3//libgcc.a(_dvmd_tls.o)

.debug_aranges  0x0000000000000000      0x358
 .debug_aranges
                0x0000000000000000       0x80 Debug/gpioLED.o
 .debug_aranges
                0x0000000000000080       0x40 Debug/init.o
 .debug_aranges
                0x00000000000000c0       0x20 Debug/main.o
 .debug_aranges
                0x00000000000000e0       0x80 Debug/select.o
 .debug_aranges
                0x0000000000000160       0x20 lib/Debug/libsystem_config.a(init.o)
 .debug_aranges
                0x0000000000000180       0x28 lib/Debug/libsystem_config.a(startup.o)
 .debug_aranges
                0x00000000000001a8       0x20 lib/Debug/libsystem_config.a(cp15.o)
 .debug_aranges
                0x00000000000001c8       0x20 lib/Debug/libsystem_config.a(exceptionhandler.o)
 .debug_aranges
                0x00000000000001e8      0x110 lib/Debug/libsystem_config.a(interrupt.o)
 .debug_aranges
                0x00000000000002f8       0x20 /usr/lib/gcc/arm-none-eabi/4.9.3//libgcc.a(_udivsi3.o)
 .debug_aranges
                0x0000000000000318       0x20 /usr/lib/gcc/arm-none-eabi/4.9.3//libgcc.a(_divsi3.o)
 .debug_aranges
                0x0000000000000338       0x20 /usr/lib/gcc/arm-none-eabi/4.9.3//libgcc.a(_dvmd_tls.o)

.debug_ranges   0x0000000000000000      0x238
 .debug_ranges  0x0000000000000000       0x70 Debug/gpioLED.o
 .debug_ranges  0x0000000000000070       0x30 Debug/init.o
 .debug_ranges  0x00000000000000a0       0x10 Debug/main.o
 .debug_ranges  0x00000000000000b0       0x70 Debug/select.o
 .debug_ranges  0x0000000000000120       0x18 lib/Debug/libsystem_config.a(startup.o)
 .debug_ranges  0x0000000000000138      0x100 lib/Debug/libsystem_config.a(interrupt.o)

.debug_line     0x0000000000000000      0xc5c
 .debug_line    0x0000000000000000      0x1c3 Debug/gpioLED.o
 .debug_line    0x00000000000001c3      0x140 Debug/init.o
 .debug_line    0x0000000000000303       0x50 Debug/main.o
 .debug_line    0x0000000000000353      0x1a7 Debug/select.o
 .debug_line    0x00000000000004fa       0x8d lib/Debug/libsystem_config.a(init.o)
 .debug_line    0x0000000000000587       0x90 lib/Debug/libsystem_config.a(startup.o)
 .debug_line    0x0000000000000617      0x184 lib/Debug/libsystem_config.a(cp15.o)
 .debug_line    0x000000000000079b       0xb3 lib/Debug/libsystem_config.a(exceptionhandler.o)
 .debug_line    0x000000000000084e      0x2b7 lib/Debug/libsystem_config.a(interrupt.o)
 .debug_line    0x0000000000000b05       0x78 /usr/lib/gcc/arm-none-eabi/4.9.3//libgcc.a(_udivsi3.o)
 .debug_line    0x0000000000000b7d       0x84 /usr/lib/gcc/arm-none-eabi/4.9.3//libgcc.a(_divsi3.o)
 .debug_line    0x0000000000000c01       0x5b /usr/lib/gcc/arm-none-eabi/4.9.3//libgcc.a(_dvmd_tls.o)

.debug_str      0x0000000000000000      0x8f6
 .debug_str     0x0000000000000000      0x37b Debug/gpioLED.o
                                        0x38d (size before relaxing)
 .debug_str     0x000000000000037b       0x3e Debug/init.o
                                        0x2a4 (size before relaxing)
 .debug_str     0x00000000000003b9       0x52 Debug/main.o
                                        0x2d7 (size before relaxing)
 .debug_str     0x000000000000040b       0x9e Debug/select.o
                                        0x2fd (size before relaxing)
 .debug_str     0x00000000000004a9      0x192 lib/Debug/libsystem_config.a(startup.o)
                                        0x1bc (size before relaxing)
 .debug_str     0x000000000000063b      0x2bb lib/Debug/libsystem_config.a(interrupt.o)
                                        0x407 (size before relaxing)

.comment        0x0000000000000000       0xa6
 .comment       0x0000000000000000       0x38 Debug/gpioLED.o
                                         0x39 (size before relaxing)
 .comment       0x0000000000000038       0x39 Debug/init.o
 .comment       0x0000000000000038       0x39 Debug/main.o
 .comment       0x0000000000000038       0x39 Debug/select.o
 .comment       0x0000000000000038       0x6e lib/Debug/libsystem_config.a(startup.o)
                                         0x6f (size before relaxing)
 .comment       0x00000000000000a6       0x6f lib/Debug/libsystem_config.a(interrupt.o)

.ARM.attributes
                0x0000000000000000       0x39
 .ARM.attributes
                0x0000000000000000       0x37 Debug/gpioLED.o
 .ARM.attributes
                0x0000000000000037       0x37 Debug/init.o
 .ARM.attributes
                0x000000000000006e       0x37 Debug/main.o
 .ARM.attributes
                0x00000000000000a5       0x37 Debug/select.o
 .ARM.attributes
                0x00000000000000dc       0x29 lib/Debug/libsystem_config.a(init.o)
 .ARM.attributes
                0x0000000000000105       0x3b lib/Debug/libsystem_config.a(startup.o)
 .ARM.attributes
                0x0000000000000140       0x29 lib/Debug/libsystem_config.a(cp15.o)
 .ARM.attributes
                0x0000000000000169       0x29 lib/Debug/libsystem_config.a(exceptionhandler.o)
 .ARM.attributes
                0x0000000000000192       0x3b lib/Debug/libsystem_config.a(interrupt.o)
 .ARM.attributes
                0x00000000000001cd       0x18 /usr/lib/gcc/arm-none-eabi/4.9.3//libgcc.a(_udivsi3.o)
 .ARM.attributes
                0x00000000000001e5       0x18 /usr/lib/gcc/arm-none-eabi/4.9.3//libgcc.a(_divsi3.o)
 .ARM.attributes
                0x00000000000001fd       0x18 /usr/lib/gcc/arm-none-eabi/4.9.3//libgcc.a(_dvmd_tls.o)

.debug_frame    0x0000000000000000      0x8a8
 .debug_frame   0x0000000000000000      0x1b0 Debug/gpioLED.o
 .debug_frame   0x00000000000001b0       0xb4 Debug/init.o
 .debug_frame   0x0000000000000264       0x2c Debug/main.o
 .debug_frame   0x0000000000000290      0x1b0 Debug/select.o
 .debug_frame   0x0000000000000440       0x4c lib/Debug/libsystem_config.a(startup.o)
 .debug_frame   0x000000000000048c      0x3dc lib/Debug/libsystem_config.a(interrupt.o)
 .debug_frame   0x0000000000000868       0x20 /usr/lib/gcc/arm-none-eabi/4.9.3//libgcc.a(_udivsi3.o)
 .debug_frame   0x0000000000000888       0x20 /usr/lib/gcc/arm-none-eabi/4.9.3//libgcc.a(_divsi3.o)
